---
category: []
---

# Empty Categories Memo

# Main Heading

Main content

