---
category: ["TestCategory", "SubCategory"]
---

# Test Memo

## Updated Section

Updated content

