# 20231001Sun

## todos

Buy groceries
Clean house

## wanttodos

Learn Go
Read book

