---
category: ["TestCategory", "SubCategory"]
---

# Test Memo

## Section 1

This is section 1 content

## Section 2

This is section 2 content
