# weekly_report

## Updated Summary

Updated weekly content

