---
category: ["Category"]
---

# No Headings Memo

