# weekly_report

## Weekly Summary

This week was productive

## Goals for Next Week

Complete project milestone
Learn new technology

